Component: ARM Compiler 5.06 update 6 (build 750) Tool: armlink [4d35ed]

==============================================================================

Section Cross References

    beep.o(.text) refers to sys.o(.text) for GPIO_Set
    beep.o(.text) refers to delay.o(.text) for Delay_ms
    can1.o(.text) refers to stm32f4xx_rcc.o(.text) for RCC_AHB1PeriphClockCmd
    can1.o(.text) refers to sys.o(.text) for GPIO_Set
    can1.o(.text) refers to stm32f4xx_can.o(.text) for CAN_Init
    can1.o(.text) refers to param.o(.data) for DT_transmit
    can1.o(.text) refers to kalman.o(.bss) for distance
    kalman.o(.text) refers to f2d.o(.text) for __aeabi_f2d
    kalman.o(.text) refers to dmul.o(.text) for __aeabi_dmul
    kalman.o(.text) refers to dadd.o(.text) for __aeabi_dadd
    kalman.o(.text) refers to ddiv.o(.text) for __aeabi_ddiv
    kalman.o(.text) refers to dfixui.o(.text) for __aeabi_d2uiz
    kalman.o(.text) refers to kalman.o(.bss) for kalman_data1
    led.o(.text) refers to sys.o(.text) for GPIO_Set
    led.o(.text) refers to os_time.o(.text) for OSTimeDly
    param.o(.text) refers to kalman.o(.text) for Kalman_Init
    param.o(.text) refers to param.o(.data) for DT_transmit
    spi.o(.text) refers to sys.o(.text) for GPIO_Set
    spi.o(.text) refers to stm32f4xx_gpio.o(.text) for GPIO_ResetBits
    timer.o(.text) refers to sys.o(.text) for MY_NVIC_Init
    timer.o(.text) refers to spi.o(.text) for Read_ADC1_Value
    timer.o(.text) refers to can1.o(.text) for canSend_DT35
    timer.o(.text) refers to kalman.o(.bss) for kalman_data1
    timer.o(.text) refers to param.o(.data) for DT_transmit
    main.o(.text) refers to led.o(.text) for Led_Show
    main.o(.text) refers to os_time.o(.text) for OSTimeDly
    main.o(.text) refers to kalman.o(.text) for Linear_Fitting
    main.o(.text) refers to os_cpu_c.o(.text) for OS_CPU_SysTickInit
    main.o(.text) refers to os_cpu_a.o(.text) for OS_CPU_SR_Save
    main.o(.text) refers to os_sem.o(.text) for OSSemCreate
    main.o(.text) refers to beep.o(.text) for Beep_Show
    main.o(.text) refers to os_task.o(.text) for OSTaskCreate
    main.o(.text) refers to system_stm32f4xx.o(.text) for SystemInit
    main.o(.text) refers to param.o(.text) for paramInit
    main.o(.text) refers to spi.o(.text) for SPI1_Configuration
    main.o(.text) refers to can1.o(.text) for CAN1_Configuration
    main.o(.text) refers to timer.o(.text) for TIM3_Configuration
    main.o(.text) refers to os_core.o(.text) for OSInit
    main.o(.text) refers to main.o(.data) for RUN
    main.o(.text) refers to main.o(.bss) for CurveFit_task_stk
    usart1.o(.text) refers to stm32f4xx_rcc.o(.text) for RCC_AHB1PeriphClockCmd
    usart1.o(.text) refers to stm32f4xx_usart.o(.text) for USART_DeInit
    usart1.o(.text) refers to stm32f4xx_gpio.o(.text) for GPIO_PinAFConfig
    usart1.o(.text) refers to misc.o(.text) for NVIC_Init
    sys.o(.text) refers to sys.o(.emb_text) for WFI_SET
    visual_scope.o(.text) refers to usart1.o(.text) for USART1_sendData
    stm32f4xx_can.o(.text) refers to stm32f4xx_rcc.o(.text) for RCC_APB1PeriphResetCmd
    stm32f4xx_gpio.o(.text) refers to stm32f4xx_rcc.o(.text) for RCC_AHB1PeriphResetCmd
    stm32f4xx_rcc.o(.text) refers to stm32f4xx_rcc.o(.data) for APBAHBPrescTable
    stm32f4xx_tim.o(.text) refers to stm32f4xx_rcc.o(.text) for RCC_APB2PeriphResetCmd
    stm32f4xx_usart.o(.text) refers to stm32f4xx_rcc.o(.text) for RCC_APB2PeriphResetCmd
    stm32f4xx_spi.o(.text) refers to stm32f4xx_rcc.o(.text) for RCC_APB2PeriphResetCmd
    system_stm32f4xx.o(.text) refers to system_stm32f4xx.o(.data) for SystemCoreClock
    startup_stm32f4xx.o(RESET) refers to startup_stm32f4xx.o(STACK) for __initial_sp
    startup_stm32f4xx.o(RESET) refers to startup_stm32f4xx.o(.text) for Reset_Handler
    startup_stm32f4xx.o(RESET) refers to os_cpu_a.o(.text) for PendSV_Handler
    startup_stm32f4xx.o(RESET) refers to os_cpu_c.o(.text) for SysTick_Handler
    startup_stm32f4xx.o(RESET) refers to can1.o(.text) for CAN1_RX0_IRQHandler
    startup_stm32f4xx.o(RESET) refers to timer.o(.text) for TIM3_IRQHandler
    startup_stm32f4xx.o(.text) refers to system_stm32f4xx.o(.text) for SystemInit
    startup_stm32f4xx.o(.text) refers to entry.o(.ARM.Collect$$$$00000000) for __main
    os_core.o(.text) refers to os_task.o(.text) for OSTaskStkChk
    os_core.o(.text) refers to os_time.o(.text) for OSTimeDly
    os_core.o(.text) refers to os_cpu_a.o(.text) for OS_CPU_SR_Save
    os_core.o(.text) refers to os_cpu_c.o(.text) for OSTaskStatHook
    os_core.o(.text) refers to os_flag.o(.text) for OS_FlagInit
    os_core.o(.text) refers to os_mem.o(.text) for OS_MemInit
    os_core.o(.text) refers to os_q.o(.text) for OS_QInit
    os_core.o(.text) refers to os_core.o(.bss) for OSTCBPrioTbl
    os_core.o(.text) refers to os_core.o(.data) for OSStatRdy
    os_core.o(.text) refers to os_core.o(.constdata) for OSUnMapTbl
    os_flag.o(.text) refers to os_cpu_a.o(.text) for OS_CPU_SR_Save
    os_flag.o(.text) refers to os_core.o(.text) for OS_Sched
    os_flag.o(.text) refers to os_core.o(.data) for OSIntNesting
    os_flag.o(.text) refers to os_core.o(.bss) for OSFlagTbl
    os_mbox.o(.text) refers to os_cpu_a.o(.text) for OS_CPU_SR_Save
    os_mbox.o(.text) refers to os_core.o(.text) for OS_EventWaitListInit
    os_mbox.o(.text) refers to os_core.o(.data) for OSIntNesting
    os_mem.o(.text) refers to os_cpu_a.o(.text) for OS_CPU_SR_Save
    os_mem.o(.text) refers to os_core.o(.text) for OS_StrLen
    os_mem.o(.text) refers to os_core.o(.data) for OSMemFreeList
    os_mem.o(.text) refers to os_core.o(.bss) for OSMemTbl
    os_mutex.o(.text) refers to os_cpu_a.o(.text) for OS_CPU_SR_Save
    os_mutex.o(.text) refers to os_core.o(.text) for OS_EventWaitListInit
    os_mutex.o(.text) refers to os_core.o(.data) for OSIntNesting
    os_mutex.o(.text) refers to os_core.o(.bss) for OSTCBPrioTbl
    os_q.o(.text) refers to os_cpu_a.o(.text) for OS_CPU_SR_Save
    os_q.o(.text) refers to os_core.o(.text) for OS_EventWaitListInit
    os_q.o(.text) refers to os_core.o(.data) for OSIntNesting
    os_q.o(.text) refers to os_core.o(.bss) for OSQTbl
    os_sem.o(.text) refers to os_cpu_a.o(.text) for OS_CPU_SR_Save
    os_sem.o(.text) refers to os_core.o(.text) for OS_EventWaitListInit
    os_sem.o(.text) refers to os_core.o(.data) for OSIntNesting
    os_task.o(.text) refers to os_cpu_a.o(.text) for OS_CPU_SR_Save
    os_task.o(.text) refers to os_core.o(.text) for OS_Sched
    os_task.o(.text) refers to os_cpu_c.o(.text) for OSTaskStkInit
    os_task.o(.text) refers to os_flag.o(.text) for OS_FlagUnlink
    os_task.o(.text) refers to os_core.o(.bss) for OSTCBPrioTbl
    os_task.o(.text) refers to os_core.o(.data) for OSTCBCur
    os_time.o(.text) refers to os_cpu_a.o(.text) for OS_CPU_SR_Save
    os_time.o(.text) refers to os_core.o(.text) for OS_Sched
    os_time.o(.text) refers to os_core.o(.data) for OSIntNesting
    os_time.o(.text) refers to os_core.o(.bss) for OSTCBPrioTbl
    os_cpu_a.o(.text) refers to os_core.o(.data) for OSRunning
    os_cpu_a.o(.text) refers to os_cpu_c.o(.text) for OSTaskSwHook
    os_cpu_c.o(.text) refers to os_cpu_a.o(.text) for OS_CPU_SR_Save
    os_cpu_c.o(.text) refers to os_core.o(.text) for OSTimeTick
    os_cpu_c.o(.text) refers to stm32f4xx_rcc.o(.text) for RCC_GetClocksFreq
    os_cpu_c.o(.text) refers to os_cpu_c.o(.data) for tick_ms
    os_cpu_c.o(.text) refers to os_core.o(.data) for OSIntNesting
    entry.o(.ARM.Collect$$$$00000000) refers (Special) to entry10a.o(.ARM.Collect$$$$0000000D) for __rt_final_cpp
    entry.o(.ARM.Collect$$$$00000000) refers (Special) to entry11a.o(.ARM.Collect$$$$0000000F) for __rt_final_exit
    entry.o(.ARM.Collect$$$$00000000) refers (Special) to entry7b.o(.ARM.Collect$$$$00000008) for _main_clock
    entry.o(.ARM.Collect$$$$00000000) refers (Special) to entry8b.o(.ARM.Collect$$$$0000000A) for _main_cpp_init
    entry.o(.ARM.Collect$$$$00000000) refers (Special) to entry9a.o(.ARM.Collect$$$$0000000B) for _main_init
    entry.o(.ARM.Collect$$$$00000000) refers (Special) to entry5.o(.ARM.Collect$$$$00000004) for _main_scatterload
    entry.o(.ARM.Collect$$$$00000000) refers (Special) to entry2.o(.ARM.Collect$$$$00000001) for _main_stk
    dadd.o(.text) refers (Special) to iusefp.o(.text) for __I$use$fp
    dadd.o(.text) refers to llshl.o(.text) for __aeabi_llsl
    dadd.o(.text) refers to llsshr.o(.text) for __aeabi_lasr
    dadd.o(.text) refers to depilogue.o(.text) for _double_epilogue
    dmul.o(.text) refers (Special) to iusefp.o(.text) for __I$use$fp
    dmul.o(.text) refers to depilogue.o(.text) for _double_epilogue
    ddiv.o(.text) refers (Special) to iusefp.o(.text) for __I$use$fp
    ddiv.o(.text) refers to depilogue.o(.text) for _double_round
    dfixui.o(.text) refers (Special) to iusefp.o(.text) for __I$use$fp
    dfixui.o(.text) refers to llushr.o(.text) for __aeabi_llsr
    f2d.o(.text) refers (Special) to iusefp.o(.text) for __I$use$fp
    entry2.o(.ARM.Collect$$$$00000001) refers to entry2.o(.ARM.Collect$$$$00002712) for __lit__00000000
    entry2.o(.ARM.Collect$$$$00002712) refers to startup_stm32f4xx.o(STACK) for __initial_sp
    entry2.o(__vectab_stack_and_reset_area) refers to startup_stm32f4xx.o(STACK) for __initial_sp
    entry2.o(__vectab_stack_and_reset_area) refers to entry.o(.ARM.Collect$$$$00000000) for __main
    entry5.o(.ARM.Collect$$$$00000004) refers to init.o(.text) for __scatterload
    entry9a.o(.ARM.Collect$$$$0000000B) refers to main.o(.text) for main
    entry9b.o(.ARM.Collect$$$$0000000C) refers to main.o(.text) for main
    depilogue.o(.text) refers to llshl.o(.text) for __aeabi_llsl
    depilogue.o(.text) refers to llushr.o(.text) for __aeabi_llsr
    init.o(.text) refers to entry5.o(.ARM.Collect$$$$00000004) for __main_after_scatterload


==============================================================================

Removing Unused input sections from the image.

    Removing beep.o(.rev16_text), (4 bytes).
    Removing beep.o(.revsh_text), (4 bytes).
    Removing beep.o(.rrx_text), (6 bytes).
    Removing can1.o(.rev16_text), (4 bytes).
    Removing can1.o(.revsh_text), (4 bytes).
    Removing can1.o(.rrx_text), (6 bytes).
    Removing delay.o(.rev16_text), (4 bytes).
    Removing delay.o(.revsh_text), (4 bytes).
    Removing delay.o(.rrx_text), (6 bytes).
    Removing kalman.o(.rev16_text), (4 bytes).
    Removing kalman.o(.revsh_text), (4 bytes).
    Removing kalman.o(.rrx_text), (6 bytes).
    Removing led.o(.rev16_text), (4 bytes).
    Removing led.o(.revsh_text), (4 bytes).
    Removing led.o(.rrx_text), (6 bytes).
    Removing param.o(.rev16_text), (4 bytes).
    Removing param.o(.revsh_text), (4 bytes).
    Removing param.o(.rrx_text), (6 bytes).
    Removing spi.o(.rev16_text), (4 bytes).
    Removing spi.o(.revsh_text), (4 bytes).
    Removing spi.o(.rrx_text), (6 bytes).
    Removing timer.o(.rev16_text), (4 bytes).
    Removing timer.o(.revsh_text), (4 bytes).
    Removing timer.o(.rrx_text), (6 bytes).
    Removing main.o(.rev16_text), (4 bytes).
    Removing main.o(.revsh_text), (4 bytes).
    Removing main.o(.rrx_text), (6 bytes).
    Removing usart1.o(.rev16_text), (4 bytes).
    Removing usart1.o(.revsh_text), (4 bytes).
    Removing usart1.o(.rrx_text), (6 bytes).
    Removing usart1.o(.text), (264 bytes).
    Removing sys.o(.rev16_text), (4 bytes).
    Removing sys.o(.revsh_text), (4 bytes).
    Removing sys.o(.rrx_text), (6 bytes).
    Removing dma.o(.rev16_text), (4 bytes).
    Removing dma.o(.revsh_text), (4 bytes).
    Removing dma.o(.rrx_text), (6 bytes).
    Removing dma.o(.text), (328 bytes).
    Removing visual_scope.o(.rev16_text), (4 bytes).
    Removing visual_scope.o(.revsh_text), (4 bytes).
    Removing visual_scope.o(.rrx_text), (6 bytes).
    Removing visual_scope.o(.text), (176 bytes).
    Removing misc.o(.rev16_text), (4 bytes).
    Removing misc.o(.revsh_text), (4 bytes).
    Removing misc.o(.rrx_text), (6 bytes).
    Removing misc.o(.text), (224 bytes).
    Removing stm32f4xx_can.o(.rev16_text), (4 bytes).
    Removing stm32f4xx_can.o(.revsh_text), (4 bytes).
    Removing stm32f4xx_can.o(.rrx_text), (6 bytes).
    Removing stm32f4xx_dma.o(.rev16_text), (4 bytes).
    Removing stm32f4xx_dma.o(.revsh_text), (4 bytes).
    Removing stm32f4xx_dma.o(.rrx_text), (6 bytes).
    Removing stm32f4xx_dma.o(.text), (936 bytes).
    Removing stm32f4xx_gpio.o(.rev16_text), (4 bytes).
    Removing stm32f4xx_gpio.o(.revsh_text), (4 bytes).
    Removing stm32f4xx_gpio.o(.rrx_text), (6 bytes).
    Removing stm32f4xx_rcc.o(.rev16_text), (4 bytes).
    Removing stm32f4xx_rcc.o(.revsh_text), (4 bytes).
    Removing stm32f4xx_rcc.o(.rrx_text), (6 bytes).
    Removing stm32f4xx_tim.o(.rev16_text), (4 bytes).
    Removing stm32f4xx_tim.o(.revsh_text), (4 bytes).
    Removing stm32f4xx_tim.o(.rrx_text), (6 bytes).
    Removing stm32f4xx_tim.o(.text), (3234 bytes).
    Removing stm32f4xx_usart.o(.rev16_text), (4 bytes).
    Removing stm32f4xx_usart.o(.revsh_text), (4 bytes).
    Removing stm32f4xx_usart.o(.rrx_text), (6 bytes).
    Removing stm32f4xx_usart.o(.text), (1050 bytes).
    Removing stm32f4xx_spi.o(.rev16_text), (4 bytes).
    Removing stm32f4xx_spi.o(.revsh_text), (4 bytes).
    Removing stm32f4xx_spi.o(.rrx_text), (6 bytes).
    Removing stm32f4xx_spi.o(.text), (1016 bytes).
    Removing stm32f4xx_flash.o(.rev16_text), (4 bytes).
    Removing stm32f4xx_flash.o(.revsh_text), (4 bytes).
    Removing stm32f4xx_flash.o(.rrx_text), (6 bytes).
    Removing stm32f4xx_flash.o(.text), (1212 bytes).
    Removing system_stm32f4xx.o(.rev16_text), (4 bytes).
    Removing system_stm32f4xx.o(.revsh_text), (4 bytes).
    Removing system_stm32f4xx.o(.rrx_text), (6 bytes).
    Removing startup_stm32f4xx.o(HEAP), (10240 bytes).
    Removing os_mbox.o(.text), (972 bytes).
    Removing os_mutex.o(.text), (1584 bytes).
    Removing os_cpu_c.o(.rev16_text), (4 bytes).
    Removing os_cpu_c.o(.revsh_text), (4 bytes).
    Removing os_cpu_c.o(.rrx_text), (6 bytes).
    Removing os_dbg.o(.constdata), (2 bytes).

85 unused section(s) (total 21574 bytes) removed from the image.

==============================================================================

Image Symbol Table

    Local Symbols

    Symbol Name                              Value     Ov Type        Size  Object(Section)

    ../clib/microlib/init/entry.s            0x00000000   Number         0  entry.o ABSOLUTE
    ../clib/microlib/init/entry.s            0x00000000   Number         0  entry8b.o ABSOLUTE
    ../clib/microlib/init/entry.s            0x00000000   Number         0  entry8a.o ABSOLUTE
    ../clib/microlib/init/entry.s            0x00000000   Number         0  entry7b.o ABSOLUTE
    ../clib/microlib/init/entry.s            0x00000000   Number         0  entry10a.o ABSOLUTE
    ../clib/microlib/init/entry.s            0x00000000   Number         0  entry9a.o ABSOLUTE
    ../clib/microlib/init/entry.s            0x00000000   Number         0  entry10b.o ABSOLUTE
    ../clib/microlib/init/entry.s            0x00000000   Number         0  entry9b.o ABSOLUTE
    ../clib/microlib/init/entry.s            0x00000000   Number         0  entry11a.o ABSOLUTE
    ../clib/microlib/init/entry.s            0x00000000   Number         0  entry11b.o ABSOLUTE
    ../clib/microlib/init/entry.s            0x00000000   Number         0  entry7a.o ABSOLUTE
    ../clib/microlib/init/entry.s            0x00000000   Number         0  entry5.o ABSOLUTE
    ../clib/microlib/init/entry.s            0x00000000   Number         0  entry2.o ABSOLUTE
    ../clib/microlib/longlong.c              0x00000000   Number         0  llshl.o ABSOLUTE
    ../clib/microlib/longlong.c              0x00000000   Number         0  llushr.o ABSOLUTE
    ../clib/microlib/longlong.c              0x00000000   Number         0  llsshr.o ABSOLUTE
    ../clib/microlib/stubs.s                 0x00000000   Number         0  iusefp.o ABSOLUTE
    ../fplib/microlib/f2d.c                  0x00000000   Number         0  f2d.o ABSOLUTE
    ../fplib/microlib/fpadd.c                0x00000000   Number         0  dadd.o ABSOLUTE
    ../fplib/microlib/fpdiv.c                0x00000000   Number         0  ddiv.o ABSOLUTE
    ../fplib/microlib/fpepilogue.c           0x00000000   Number         0  depilogue.o ABSOLUTE
    ../fplib/microlib/fpfix.c                0x00000000   Number         0  dfixui.o ABSOLUTE
    ../fplib/microlib/fpmul.c                0x00000000   Number         0  dmul.o ABSOLUTE
    GeneralFunction\\src\\dma.c              0x00000000   Number         0  dma.o ABSOLUTE
    GeneralFunction\\src\\sys.c              0x00000000   Number         0  sys.o ABSOLUTE
    GeneralFunction\\src\\visual_scope.c     0x00000000   Number         0  visual_scope.o ABSOLUTE
    GeneralFunction\src\MyDataProcess.c      0x00000000   Number         0  mydataprocess.o ABSOLUTE
    GeneralFunction\src\dma.c                0x00000000   Number         0  dma.o ABSOLUTE
    GeneralFunction\src\sys.c                0x00000000   Number         0  sys.o ABSOLUTE
    GeneralFunction\src\visual_scope.c       0x00000000   Number         0  visual_scope.o ABSOLUTE
    Libraries\CMSIS\system_stm32f4xx.c       0x00000000   Number         0  system_stm32f4xx.o ABSOLUTE
    Libraries\STM32F4xx_StdPeriph_Driver\src\misc.c 0x00000000   Number         0  misc.o ABSOLUTE
    Libraries\STM32F4xx_StdPeriph_Driver\src\stm32f4xx_can.c 0x00000000   Number         0  stm32f4xx_can.o ABSOLUTE
    Libraries\STM32F4xx_StdPeriph_Driver\src\stm32f4xx_dma.c 0x00000000   Number         0  stm32f4xx_dma.o ABSOLUTE
    Libraries\STM32F4xx_StdPeriph_Driver\src\stm32f4xx_flash.c 0x00000000   Number         0  stm32f4xx_flash.o ABSOLUTE
    Libraries\STM32F4xx_StdPeriph_Driver\src\stm32f4xx_gpio.c 0x00000000   Number         0  stm32f4xx_gpio.o ABSOLUTE
    Libraries\STM32F4xx_StdPeriph_Driver\src\stm32f4xx_rcc.c 0x00000000   Number         0  stm32f4xx_rcc.o ABSOLUTE
    Libraries\STM32F4xx_StdPeriph_Driver\src\stm32f4xx_spi.c 0x00000000   Number         0  stm32f4xx_spi.o ABSOLUTE
    Libraries\STM32F4xx_StdPeriph_Driver\src\stm32f4xx_tim.c 0x00000000   Number         0  stm32f4xx_tim.o ABSOLUTE
    Libraries\STM32F4xx_StdPeriph_Driver\src\stm32f4xx_usart.c 0x00000000   Number         0  stm32f4xx_usart.o ABSOLUTE
    Libraries\Startup\startup_stm32f4xx.s    0x00000000   Number         0  startup_stm32f4xx.o ABSOLUTE
    Libraries\\CMSIS\\system_stm32f4xx.c     0x00000000   Number         0  system_stm32f4xx.o ABSOLUTE
    Libraries\\STM32F4xx_StdPeriph_Driver\\src\\misc.c 0x00000000   Number         0  misc.o ABSOLUTE
    Libraries\\STM32F4xx_StdPeriph_Driver\\src\\stm32f4xx_can.c 0x00000000   Number         0  stm32f4xx_can.o ABSOLUTE
    Libraries\\STM32F4xx_StdPeriph_Driver\\src\\stm32f4xx_dma.c 0x00000000   Number         0  stm32f4xx_dma.o ABSOLUTE
    Libraries\\STM32F4xx_StdPeriph_Driver\\src\\stm32f4xx_flash.c 0x00000000   Number         0  stm32f4xx_flash.o ABSOLUTE
    Libraries\\STM32F4xx_StdPeriph_Driver\\src\\stm32f4xx_gpio.c 0x00000000   Number         0  stm32f4xx_gpio.o ABSOLUTE
    Libraries\\STM32F4xx_StdPeriph_Driver\\src\\stm32f4xx_rcc.c 0x00000000   Number         0  stm32f4xx_rcc.o ABSOLUTE
    Libraries\\STM32F4xx_StdPeriph_Driver\\src\\stm32f4xx_spi.c 0x00000000   Number         0  stm32f4xx_spi.o ABSOLUTE
    Libraries\\STM32F4xx_StdPeriph_Driver\\src\\stm32f4xx_tim.c 0x00000000   Number         0  stm32f4xx_tim.o ABSOLUTE
    Libraries\\STM32F4xx_StdPeriph_Driver\\src\\stm32f4xx_usart.c 0x00000000   Number         0  stm32f4xx_usart.o ABSOLUTE
    USER\SRC\SPI.c                           0x00000000   Number         0  spi.o ABSOLUTE
    USER\SRC\beep.c                          0x00000000   Number         0  beep.o ABSOLUTE
    USER\SRC\can1.c                          0x00000000   Number         0  can1.o ABSOLUTE
    USER\SRC\delay.c                         0x00000000   Number         0  delay.o ABSOLUTE
    USER\SRC\kalman.c                        0x00000000   Number         0  kalman.o ABSOLUTE
    USER\SRC\led.c                           0x00000000   Number         0  led.o ABSOLUTE
    USER\SRC\main.c                          0x00000000   Number         0  main.o ABSOLUTE
    USER\SRC\param.c                         0x00000000   Number         0  param.o ABSOLUTE
    USER\SRC\timer.c                         0x00000000   Number         0  timer.o ABSOLUTE
    USER\SRC\usart1.c                        0x00000000   Number         0  usart1.o ABSOLUTE
    USER\\SRC\\SPI.c                         0x00000000   Number         0  spi.o ABSOLUTE
    USER\\SRC\\beep.c                        0x00000000   Number         0  beep.o ABSOLUTE
    USER\\SRC\\can1.c                        0x00000000   Number         0  can1.o ABSOLUTE
    USER\\SRC\\delay.c                       0x00000000   Number         0  delay.o ABSOLUTE
    USER\\SRC\\kalman.c                      0x00000000   Number         0  kalman.o ABSOLUTE
    USER\\SRC\\led.c                         0x00000000   Number         0  led.o ABSOLUTE
    USER\\SRC\\main.c                        0x00000000   Number         0  main.o ABSOLUTE
    USER\\SRC\\param.c                       0x00000000   Number         0  param.o ABSOLUTE
    USER\\SRC\\timer.c                       0x00000000   Number         0  timer.o ABSOLUTE
    USER\\SRC\\usart1.c                      0x00000000   Number         0  usart1.o ABSOLUTE
    dc.s                                     0x00000000   Number         0  dc.o ABSOLUTE
    handlers.s                               0x00000000   Number         0  handlers.o ABSOLUTE
    init.s                                   0x00000000   Number         0  init.o ABSOLUTE
    uCOSII\CORE\os_core.c                    0x00000000   Number         0  os_core.o ABSOLUTE
    uCOSII\CORE\os_flag.c                    0x00000000   Number         0  os_flag.o ABSOLUTE
    uCOSII\CORE\os_mbox.c                    0x00000000   Number         0  os_mbox.o ABSOLUTE
    uCOSII\CORE\os_mem.c                     0x00000000   Number         0  os_mem.o ABSOLUTE
    uCOSII\CORE\os_mutex.c                   0x00000000   Number         0  os_mutex.o ABSOLUTE
    uCOSII\CORE\os_q.c                       0x00000000   Number         0  os_q.o ABSOLUTE
    uCOSII\CORE\os_sem.c                     0x00000000   Number         0  os_sem.o ABSOLUTE
    uCOSII\CORE\os_task.c                    0x00000000   Number         0  os_task.o ABSOLUTE
    uCOSII\CORE\os_time.c                    0x00000000   Number         0  os_time.o ABSOLUTE
    uCOSII\CORE\os_tmr.c                     0x00000000   Number         0  os_tmr.o ABSOLUTE
    uCOSII\PORT\os_cpu_a.asm                 0x00000000   Number         0  os_cpu_a.o ABSOLUTE
    uCOSII\PORT\os_cpu_c.c                   0x00000000   Number         0  os_cpu_c.o ABSOLUTE
    uCOSII\PORT\os_dbg.c                     0x00000000   Number         0  os_dbg.o ABSOLUTE
    uCOSII\\PORT\\os_cpu_c.c                 0x00000000   Number         0  os_cpu_c.o ABSOLUTE
    RESET                                    0x08000000   Section      392  startup_stm32f4xx.o(RESET)
    .ARM.Collect$$$$00000000                 0x08000188   Section        0  entry.o(.ARM.Collect$$$$00000000)
    .ARM.Collect$$$$00000001                 0x08000188   Section        4  entry2.o(.ARM.Collect$$$$00000001)
    .ARM.Collect$$$$00000004                 0x0800018c   Section        4  entry5.o(.ARM.Collect$$$$00000004)
    .ARM.Collect$$$$00000008                 0x08000190   Section        0  entry7b.o(.ARM.Collect$$$$00000008)
    .ARM.Collect$$$$0000000A                 0x08000190   Section        0  entry8b.o(.ARM.Collect$$$$0000000A)
    .ARM.Collect$$$$0000000B                 0x08000190   Section        8  entry9a.o(.ARM.Collect$$$$0000000B)
    .ARM.Collect$$$$0000000D                 0x08000198   Section        0  entry10a.o(.ARM.Collect$$$$0000000D)
    .ARM.Collect$$$$0000000F                 0x08000198   Section        0  entry11a.o(.ARM.Collect$$$$0000000F)
    .ARM.Collect$$$$00002712                 0x08000198   Section        4  entry2.o(.ARM.Collect$$$$00002712)
    __lit__00000000                          0x08000198   Data           4  entry2.o(.ARM.Collect$$$$00002712)
    .emb_text                                0x0800019c   Section       16  sys.o(.emb_text)
    $v0                                      0x0800019c   Number         0  sys.o(.emb_text)
    .text                                    0x080001ac   Section        0  beep.o(.text)
    .text                                    0x080001f4   Section        0  can1.o(.text)
    answer_master                            0x08000309   Thumb Code    88  can1.o(.text)
    .text                                    0x080004b4   Section        0  delay.o(.text)
    .text                                    0x080004f8   Section        0  kalman.o(.text)
    .text                                    0x08000888   Section        0  led.o(.text)
    .text                                    0x08000950   Section        0  param.o(.text)
    .text                                    0x0800096c   Section        0  spi.o(.text)
    SPI_ReadWriteByte                        0x08000a8f   Thumb Code    32  spi.o(.text)
    .text                                    0x08000b48   Section        0  timer.o(.text)
    .text                                    0x08000c84   Section        0  main.o(.text)
    Task_Lcd                                 0x08000c85   Thumb Code    18  main.o(.text)
    TaskCurveFit                             0x08000c97   Thumb Code    24  main.o(.text)
    TaskStart                                0x08000caf   Thumb Code    76  main.o(.text)
    .text                                    0x08000d9c   Section        0  sys.o(.text)
    .text                                    0x080011f4   Section        0  stm32f4xx_can.o(.text)
    CheckITStatus                            0x080019f7   Thumb Code    18  stm32f4xx_can.o(.text)
    .text                                    0x08001be4   Section        0  stm32f4xx_gpio.o(.text)
    .text                                    0x08001e40   Section        0  stm32f4xx_rcc.o(.text)
    .text                                    0x080023c8   Section        0  system_stm32f4xx.o(.text)
    SetSysClock                              0x080023c9   Thumb Code   220  system_stm32f4xx.o(.text)
    .text                                    0x080025d8   Section       36  startup_stm32f4xx.o(.text)
    $v0                                      0x080025d8   Number         0  startup_stm32f4xx.o(.text)
    .text                                    0x080025fc   Section        0  os_core.o(.text)
    OS_InitTaskStat                          0x080026c3   Thumb Code    52  os_core.o(.text)
    OS_InitTaskIdle                          0x08002719   Thumb Code    52  os_core.o(.text)
    OS_InitEventList                         0x0800275f   Thumb Code    76  os_core.o(.text)
    OS_InitTCBList                           0x080027ab   Thumb Code   106  os_core.o(.text)
    OS_InitRdyList                           0x08002815   Thumb Code    44  os_core.o(.text)
    OS_InitMisc                              0x08002841   Thumb Code    44  os_core.o(.text)
    OS_SchedNew                              0x080028b9   Thumb Code    26  os_core.o(.text)
    .text                                    0x08002ebc   Section        0  os_flag.o(.text)
    OS_FlagTaskRdy                           0x08003033   Thumb Code    82  os_flag.o(.text)
    OS_FlagBlock                             0x080031ed   Thumb Code   152  os_flag.o(.text)
    .text                                    0x080036c8   Section        0  os_mem.o(.text)
    .text                                    0x080038ac   Section        0  os_q.o(.text)
    .text                                    0x08003e94   Section        0  os_sem.o(.text)
    .text                                    0x08004220   Section        0  os_task.o(.text)
    .text                                    0x080049e0   Section        0  os_time.o(.text)
    .text                                    0x08004b8c   Section      176  os_cpu_a.o(.text)
    $v0                                      0x08004b8c   Number         0  os_cpu_a.o(.text)
    .text                                    0x08004c3c   Section        0  os_cpu_c.o(.text)
    .text                                    0x08004ec4   Section        0  dadd.o(.text)
    .text                                    0x08005012   Section        0  dmul.o(.text)
    .text                                    0x080050f6   Section        0  ddiv.o(.text)
    .text                                    0x080051d4   Section        0  dfixui.o(.text)
    .text                                    0x08005206   Section        0  f2d.o(.text)
    .text                                    0x0800522c   Section        0  llshl.o(.text)
    .text                                    0x0800524a   Section        0  llushr.o(.text)
    .text                                    0x0800526a   Section        0  llsshr.o(.text)
    .text                                    0x0800528e   Section        0  iusefp.o(.text)
    .text                                    0x0800528e   Section        0  depilogue.o(.text)
    .text                                    0x08005348   Section       36  init.o(.text)
    i.__scatterload_copy                     0x0800536c   Section       14  handlers.o(i.__scatterload_copy)
    i.__scatterload_null                     0x0800537a   Section        2  handlers.o(i.__scatterload_null)
    i.__scatterload_zeroinit                 0x0800537c   Section       14  handlers.o(i.__scatterload_zeroinit)
    .constdata                               0x0800538a   Section      256  os_core.o(.constdata)
    .data                                    0x20000000   Section        5  param.o(.data)
    .data                                    0x20000008   Section        4  main.o(.data)
    .data                                    0x2000000c   Section       16  stm32f4xx_rcc.o(.data)
    APBAHBPrescTable                         0x2000000c   Data          16  stm32f4xx_rcc.o(.data)
    .data                                    0x2000001c   Section       20  system_stm32f4xx.o(.data)
    .data                                    0x20000030   Section       76  os_core.o(.data)
    .data                                    0x2000007c   Section        4  os_cpu_c.o(.data)
    .bss                                     0x20000080   Section      512  kalman.o(.bss)
    .bss                                     0x20000280   Section     4096  main.o(.bss)
    .bss                                     0x20001280   Section     7084  os_core.o(.bss)
    STACK                                    0x20002e30   Section     1024  startup_stm32f4xx.o(STACK)

    Global Symbols

    Symbol Name                              Value     Ov Type        Size  Object(Section)

    BuildAttributes$$THM_ISAv4$E$P$D$K$B$S$7EM$VFPi3$EXTD16$VFPS$VFMA$PE$A:L22UL41UL21$X:L11$S22US41US21$IEEE1$IW$USESV6$~STKCKD$USESV7$~SHL$OSPACE$ROPI$EBA8$MICROLIB$REQ8$PRES8$EABIv2 0x00000000   Number         0  anon$$obj.o ABSOLUTE
    __ARM_use_no_argv                        0x00000000   Number         0  main.o ABSOLUTE
    __cpp_initialize__aeabi_                  - Undefined Weak Reference
    __cxa_finalize                            - Undefined Weak Reference
    __decompress                              - Undefined Weak Reference
    _clock_init                               - Undefined Weak Reference
    _microlib_exit                            - Undefined Weak Reference
    __Vectors_Size                           0x00000188   Number         0  startup_stm32f4xx.o ABSOLUTE
    __Vectors                                0x08000000   Data           4  startup_stm32f4xx.o(RESET)
    __Vectors_End                            0x08000188   Data           0  startup_stm32f4xx.o(RESET)
    __main                                   0x08000189   Thumb Code     0  entry.o(.ARM.Collect$$$$00000000)
    _main_stk                                0x08000189   Thumb Code     0  entry2.o(.ARM.Collect$$$$00000001)
    _main_scatterload                        0x0800018d   Thumb Code     0  entry5.o(.ARM.Collect$$$$00000004)
    __main_after_scatterload                 0x08000191   Thumb Code     0  entry5.o(.ARM.Collect$$$$00000004)
    _main_clock                              0x08000191   Thumb Code     0  entry7b.o(.ARM.Collect$$$$00000008)
    _main_cpp_init                           0x08000191   Thumb Code     0  entry8b.o(.ARM.Collect$$$$0000000A)
    _main_init                               0x08000191   Thumb Code     0  entry9a.o(.ARM.Collect$$$$0000000B)
    __rt_final_cpp                           0x08000199   Thumb Code     0  entry10a.o(.ARM.Collect$$$$0000000D)
    __rt_final_exit                          0x08000199   Thumb Code     0  entry11a.o(.ARM.Collect$$$$0000000F)
    WFI_SET                                  0x0800019d   Thumb Code     2  sys.o(.emb_text)
    INTX_DISABLE                             0x0800019f   Thumb Code     4  sys.o(.emb_text)
    INTX_ENABLE                              0x080001a3   Thumb Code     4  sys.o(.emb_text)
    MSR_MSP                                  0x080001a7   Thumb Code     6  sys.o(.emb_text)
    Beep_Configuration                       0x080001ad   Thumb Code    22  beep.o(.text)
    Beep_Show                                0x080001c3   Thumb Code    44  beep.o(.text)
    CAN1_Configuration                       0x080001f5   Thumb Code   276  can1.o(.text)
    CAN1_RX0_IRQHandler                      0x08000361   Thumb Code   226  can1.o(.text)
    canSend_DT35                             0x08000443   Thumb Code    88  can1.o(.text)
    Delay_ms                                 0x080004b5   Thumb Code    28  delay.o(.text)
    Delay_us                                 0x080004d1   Thumb Code    26  delay.o(.text)
    Delay                                    0x080004eb   Thumb Code    14  delay.o(.text)
    getAveragingData                         0x080004f9   Thumb Code   194  kalman.o(.text)
    Kalman_Init                              0x080005bb   Thumb Code   108  kalman.o(.text)
    kalman_filter                            0x08000627   Thumb Code   374  kalman.o(.text)
    Linear_Fitting                           0x0800079d   Thumb Code   150  kalman.o(.text)
    LED_Configuration                        0x08000889   Thumb Code    40  led.o(.text)
    Led_Show                                 0x080008b1   Thumb Code   116  led.o(.text)
    LED_OFF                                  0x08000925   Thumb Code    20  led.o(.text)
    LED_ON                                   0x08000939   Thumb Code    20  led.o(.text)
    paramInit                                0x08000951   Thumb Code    22  param.o(.text)
    SPI1_Configuration                       0x0800096d   Thumb Code   142  spi.o(.text)
    SPI2_Configuration                       0x080009fb   Thumb Code   148  spi.o(.text)
    Read_ADC1_Value                          0x08000aaf   Thumb Code    66  spi.o(.text)
    Read_ADC2_Value                          0x08000af1   Thumb Code    66  spi.o(.text)
    TIM3_Configuration                       0x08000b49   Thumb Code   102  timer.o(.text)
    TIM3_IRQHandler                          0x08000baf   Thumb Code   194  timer.o(.text)
    main                                     0x08000cfb   Thumb Code   114  main.o(.text)
    MY_NVIC_SetVectorTable                   0x08000d9d   Thumb Code    12  sys.o(.text)
    MY_NVIC_PriorityGroupConfig              0x08000da9   Thumb Code    36  sys.o(.text)
    MY_NVIC_Init                             0x08000dcd   Thumb Code   116  sys.o(.text)
    Ex_NVIC_Config                           0x08000e41   Thumb Code   168  sys.o(.text)
    GPIO_AF_Set                              0x08000ee9   Thumb Code    64  sys.o(.text)
    GPIO_Set                                 0x08000f29   Thumb Code   222  sys.o(.text)
    Sys_Standby                              0x08001007   Thumb Code    72  sys.o(.text)
    Sys_Soft_Reset                           0x0800104f   Thumb Code    12  sys.o(.text)
    Sys_Clock_Set                            0x0800105b   Thumb Code   266  sys.o(.text)
    Stm32_Clock_Init                         0x08001165   Thumb Code   138  sys.o(.text)
    CAN_DeInit                               0x080011f5   Thumb Code    50  stm32f4xx_can.o(.text)
    CAN_Init                                 0x08001227   Thumb Code   276  stm32f4xx_can.o(.text)
    CAN_FilterInit                           0x0800133b   Thumb Code   258  stm32f4xx_can.o(.text)
    CAN_StructInit                           0x0800143d   Thumb Code    32  stm32f4xx_can.o(.text)
    CAN_SlaveStartBank                       0x0800145d   Thumb Code    48  stm32f4xx_can.o(.text)
    CAN_DBGFreeze                            0x0800148d   Thumb Code    22  stm32f4xx_can.o(.text)
    CAN_TTComModeCmd                         0x080014a3   Thumb Code   118  stm32f4xx_can.o(.text)
    CAN_Transmit                             0x08001519   Thumb Code   304  stm32f4xx_can.o(.text)
    CAN_TransmitStatus                       0x08001649   Thumb Code   138  stm32f4xx_can.o(.text)
    CAN_CancelTransmit                       0x080016d3   Thumb Code    48  stm32f4xx_can.o(.text)
    CAN_Receive                              0x08001703   Thumb Code   240  stm32f4xx_can.o(.text)
    CAN_FIFORelease                          0x080017f3   Thumb Code    22  stm32f4xx_can.o(.text)
    CAN_MessagePending                       0x08001809   Thumb Code    30  stm32f4xx_can.o(.text)
    CAN_OperatingModeRequest                 0x08001827   Thumb Code   162  stm32f4xx_can.o(.text)
    CAN_Sleep                                0x080018c9   Thumb Code    30  stm32f4xx_can.o(.text)
    CAN_WakeUp                               0x080018e7   Thumb Code    48  stm32f4xx_can.o(.text)
    CAN_GetLastErrorCode                     0x08001917   Thumb Code    12  stm32f4xx_can.o(.text)
    CAN_GetReceiveErrorCounter               0x08001923   Thumb Code    10  stm32f4xx_can.o(.text)
    CAN_GetLSBTransmitErrorCounter           0x0800192d   Thumb Code    12  stm32f4xx_can.o(.text)
    CAN_ITConfig                             0x08001939   Thumb Code    18  stm32f4xx_can.o(.text)
    CAN_GetFlagStatus                        0x0800194b   Thumb Code   120  stm32f4xx_can.o(.text)
    CAN_ClearFlag                            0x080019c3   Thumb Code    52  stm32f4xx_can.o(.text)
    CAN_GetITStatus                          0x08001a09   Thumb Code   310  stm32f4xx_can.o(.text)
    CAN_ClearITPendingBit                    0x08001b3f   Thumb Code   162  stm32f4xx_can.o(.text)
    GPIO_DeInit                              0x08001be5   Thumb Code   220  stm32f4xx_gpio.o(.text)
    GPIO_Init                                0x08001cc1   Thumb Code   144  stm32f4xx_gpio.o(.text)
    GPIO_StructInit                          0x08001d51   Thumb Code    18  stm32f4xx_gpio.o(.text)
    GPIO_PinLockConfig                       0x08001d63   Thumb Code    34  stm32f4xx_gpio.o(.text)
    GPIO_ReadInputDataBit                    0x08001d85   Thumb Code    18  stm32f4xx_gpio.o(.text)
    GPIO_ReadInputData                       0x08001d97   Thumb Code     8  stm32f4xx_gpio.o(.text)
    GPIO_ReadOutputDataBit                   0x08001d9f   Thumb Code    18  stm32f4xx_gpio.o(.text)
    GPIO_ReadOutputData                      0x08001db1   Thumb Code     8  stm32f4xx_gpio.o(.text)
    GPIO_SetBits                             0x08001db9   Thumb Code     4  stm32f4xx_gpio.o(.text)
    GPIO_ResetBits                           0x08001dbd   Thumb Code     4  stm32f4xx_gpio.o(.text)
    GPIO_WriteBit                            0x08001dc1   Thumb Code    10  stm32f4xx_gpio.o(.text)
    GPIO_Write                               0x08001dcb   Thumb Code     4  stm32f4xx_gpio.o(.text)
    GPIO_ToggleBits                          0x08001dcf   Thumb Code     8  stm32f4xx_gpio.o(.text)
    GPIO_PinAFConfig                         0x08001dd7   Thumb Code    70  stm32f4xx_gpio.o(.text)
    RCC_DeInit                               0x08001e41   Thumb Code    60  stm32f4xx_rcc.o(.text)
    RCC_HSEConfig                            0x08001e7d   Thumb Code    14  stm32f4xx_rcc.o(.text)
    RCC_GetFlagStatus                        0x08001e8b   Thumb Code    60  stm32f4xx_rcc.o(.text)
    RCC_WaitForHSEStartUp                    0x08001ec7   Thumb Code    56  stm32f4xx_rcc.o(.text)
    RCC_AdjustHSICalibrationValue            0x08001eff   Thumb Code    20  stm32f4xx_rcc.o(.text)
    RCC_HSICmd                               0x08001f13   Thumb Code     6  stm32f4xx_rcc.o(.text)
    RCC_LSEConfig                            0x08001f19   Thumb Code    46  stm32f4xx_rcc.o(.text)
    RCC_LSICmd                               0x08001f47   Thumb Code     6  stm32f4xx_rcc.o(.text)
    RCC_PLLConfig                            0x08001f4d   Thumb Code    32  stm32f4xx_rcc.o(.text)
    RCC_PLLCmd                               0x08001f6d   Thumb Code     6  stm32f4xx_rcc.o(.text)
    RCC_PLLI2SConfig                         0x08001f73   Thumb Code    14  stm32f4xx_rcc.o(.text)
    RCC_PLLI2SCmd                            0x08001f81   Thumb Code     6  stm32f4xx_rcc.o(.text)
    RCC_ClockSecuritySystemCmd               0x08001f87   Thumb Code     6  stm32f4xx_rcc.o(.text)
    RCC_MCO1Config                           0x08001f8d   Thumb Code    28  stm32f4xx_rcc.o(.text)
    RCC_MCO2Config                           0x08001fa9   Thumb Code    28  stm32f4xx_rcc.o(.text)
    RCC_SYSCLKConfig                         0x08001fc5   Thumb Code    20  stm32f4xx_rcc.o(.text)
    RCC_GetSYSCLKSource                      0x08001fd9   Thumb Code    12  stm32f4xx_rcc.o(.text)
    RCC_HCLKConfig                           0x08001fe5   Thumb Code    20  stm32f4xx_rcc.o(.text)
    RCC_PCLK1Config                          0x08001ff9   Thumb Code    20  stm32f4xx_rcc.o(.text)
    RCC_PCLK2Config                          0x0800200d   Thumb Code    22  stm32f4xx_rcc.o(.text)
    RCC_GetClocksFreq                        0x08002023   Thumb Code   222  stm32f4xx_rcc.o(.text)
    RCC_RTCCLKConfig                         0x08002101   Thumb Code    54  stm32f4xx_rcc.o(.text)
    RCC_RTCCLKCmd                            0x08002137   Thumb Code     8  stm32f4xx_rcc.o(.text)
    RCC_BackupResetCmd                       0x0800213f   Thumb Code     8  stm32f4xx_rcc.o(.text)
    RCC_I2SCLKConfig                         0x08002147   Thumb Code     6  stm32f4xx_rcc.o(.text)
    RCC_AHB1PeriphClockCmd                   0x0800214d   Thumb Code    34  stm32f4xx_rcc.o(.text)
    RCC_AHB2PeriphClockCmd                   0x0800216f   Thumb Code    34  stm32f4xx_rcc.o(.text)
    RCC_AHB3PeriphClockCmd                   0x08002191   Thumb Code    34  stm32f4xx_rcc.o(.text)
    RCC_APB1PeriphClockCmd                   0x080021b3   Thumb Code    34  stm32f4xx_rcc.o(.text)
    RCC_APB2PeriphClockCmd                   0x080021d5   Thumb Code    34  stm32f4xx_rcc.o(.text)
    RCC_AHB1PeriphResetCmd                   0x080021f7   Thumb Code    34  stm32f4xx_rcc.o(.text)
    RCC_AHB2PeriphResetCmd                   0x08002219   Thumb Code    72  stm32f4xx_rcc.o(.text)
    RCC_AHB3PeriphResetCmd                   0x08002261   Thumb Code    34  stm32f4xx_rcc.o(.text)
    RCC_APB1PeriphResetCmd                   0x08002283   Thumb Code    34  stm32f4xx_rcc.o(.text)
    RCC_APB2PeriphResetCmd                   0x080022a5   Thumb Code    34  stm32f4xx_rcc.o(.text)
    RCC_AHB1PeriphClockLPModeCmd             0x080022c7   Thumb Code    34  stm32f4xx_rcc.o(.text)
    RCC_AHB2PeriphClockLPModeCmd             0x080022e9   Thumb Code    34  stm32f4xx_rcc.o(.text)
    RCC_AHB3PeriphClockLPModeCmd             0x0800230b   Thumb Code    34  stm32f4xx_rcc.o(.text)
    RCC_APB1PeriphClockLPModeCmd             0x0800232d   Thumb Code    34  stm32f4xx_rcc.o(.text)
    RCC_APB2PeriphClockLPModeCmd             0x0800234f   Thumb Code    34  stm32f4xx_rcc.o(.text)
    RCC_ITConfig                             0x08002371   Thumb Code    34  stm32f4xx_rcc.o(.text)
    RCC_ClearFlag                            0x08002393   Thumb Code    18  stm32f4xx_rcc.o(.text)
    RCC_GetITStatus                          0x080023a5   Thumb Code    22  stm32f4xx_rcc.o(.text)
    RCC_ClearITPendingBit                    0x080023bb   Thumb Code     8  stm32f4xx_rcc.o(.text)
    SystemInit                               0x080024a5   Thumb Code    88  system_stm32f4xx.o(.text)
    SystemCoreClockUpdate                    0x080024fd   Thumb Code   174  system_stm32f4xx.o(.text)
    Reset_Handler                            0x080025d9   Thumb Code     8  startup_stm32f4xx.o(.text)
    NMI_Handler                              0x080025e1   Thumb Code     2  startup_stm32f4xx.o(.text)
    HardFault_Handler                        0x080025e3   Thumb Code     2  startup_stm32f4xx.o(.text)
    MemManage_Handler                        0x080025e5   Thumb Code     2  startup_stm32f4xx.o(.text)
    BusFault_Handler                         0x080025e7   Thumb Code     2  startup_stm32f4xx.o(.text)
    UsageFault_Handler                       0x080025e9   Thumb Code     2  startup_stm32f4xx.o(.text)
    SVC_Handler                              0x080025eb   Thumb Code     2  startup_stm32f4xx.o(.text)
    DebugMon_Handler                         0x080025ed   Thumb Code     2  startup_stm32f4xx.o(.text)
    ADC_IRQHandler                           0x080025f3   Thumb Code     0  startup_stm32f4xx.o(.text)
    CAN1_RX1_IRQHandler                      0x080025f3   Thumb Code     0  startup_stm32f4xx.o(.text)
    CAN1_SCE_IRQHandler                      0x080025f3   Thumb Code     0  startup_stm32f4xx.o(.text)
    CAN1_TX_IRQHandler                       0x080025f3   Thumb Code     0  startup_stm32f4xx.o(.text)
    CAN2_RX0_IRQHandler                      0x080025f3   Thumb Code     0  startup_stm32f4xx.o(.text)
    CAN2_RX1_IRQHandler                      0x080025f3   Thumb Code     0  startup_stm32f4xx.o(.text)
    CAN2_SCE_IRQHandler                      0x080025f3   Thumb Code     0  startup_stm32f4xx.o(.text)
    CAN2_TX_IRQHandler                       0x080025f3   Thumb Code     0  startup_stm32f4xx.o(.text)
    CRYP_IRQHandler                          0x080025f3   Thumb Code     0  startup_stm32f4xx.o(.text)
    DCMI_IRQHandler                          0x080025f3   Thumb Code     0  startup_stm32f4xx.o(.text)
    DMA1_Stream0_IRQHandler                  0x080025f3   Thumb Code     0  startup_stm32f4xx.o(.text)
    DMA1_Stream1_IRQHandler                  0x080025f3   Thumb Code     0  startup_stm32f4xx.o(.text)
    DMA1_Stream2_IRQHandler                  0x080025f3   Thumb Code     0  startup_stm32f4xx.o(.text)
    DMA1_Stream3_IRQHandler                  0x080025f3   Thumb Code     0  startup_stm32f4xx.o(.text)
    DMA1_Stream4_IRQHandler                  0x080025f3   Thumb Code     0  startup_stm32f4xx.o(.text)
    DMA1_Stream5_IRQHandler                  0x080025f3   Thumb Code     0  startup_stm32f4xx.o(.text)
    DMA1_Stream6_IRQHandler                  0x080025f3   Thumb Code     0  startup_stm32f4xx.o(.text)
    DMA1_Stream7_IRQHandler                  0x080025f3   Thumb Code     0  startup_stm32f4xx.o(.text)
    DMA2_Stream0_IRQHandler                  0x080025f3   Thumb Code     0  startup_stm32f4xx.o(.text)
    DMA2_Stream1_IRQHandler                  0x080025f3   Thumb Code     0  startup_stm32f4xx.o(.text)
    DMA2_Stream2_IRQHandler                  0x080025f3   Thumb Code     0  startup_stm32f4xx.o(.text)
    DMA2_Stream3_IRQHandler                  0x080025f3   Thumb Code     0  startup_stm32f4xx.o(.text)
    DMA2_Stream4_IRQHandler                  0x080025f3   Thumb Code     0  startup_stm32f4xx.o(.text)
    DMA2_Stream5_IRQHandler                  0x080025f3   Thumb Code     0  startup_stm32f4xx.o(.text)
    DMA2_Stream6_IRQHandler                  0x080025f3   Thumb Code     0  startup_stm32f4xx.o(.text)
    DMA2_Stream7_IRQHandler                  0x080025f3   Thumb Code     0  startup_stm32f4xx.o(.text)
    ETH_IRQHandler                           0x080025f3   Thumb Code     0  startup_stm32f4xx.o(.text)
    ETH_WKUP_IRQHandler                      0x080025f3   Thumb Code     0  startup_stm32f4xx.o(.text)
    EXTI0_IRQHandler                         0x080025f3   Thumb Code     0  startup_stm32f4xx.o(.text)
    EXTI15_10_IRQHandler                     0x080025f3   Thumb Code     0  startup_stm32f4xx.o(.text)
    EXTI1_IRQHandler                         0x080025f3   Thumb Code     0  startup_stm32f4xx.o(.text)
    EXTI2_IRQHandler                         0x080025f3   Thumb Code     0  startup_stm32f4xx.o(.text)
    EXTI3_IRQHandler                         0x080025f3   Thumb Code     0  startup_stm32f4xx.o(.text)
    EXTI4_IRQHandler                         0x080025f3   Thumb Code     0  startup_stm32f4xx.o(.text)
    EXTI9_5_IRQHandler                       0x080025f3   Thumb Code     0  startup_stm32f4xx.o(.text)
    FLASH_IRQHandler                         0x080025f3   Thumb Code     0  startup_stm32f4xx.o(.text)
    FPU_IRQHandler                           0x080025f3   Thumb Code     0  startup_stm32f4xx.o(.text)
    FSMC_IRQHandler                          0x080025f3   Thumb Code     0  startup_stm32f4xx.o(.text)
    HASH_RNG_IRQHandler                      0x080025f3   Thumb Code     0  startup_stm32f4xx.o(.text)
    I2C1_ER_IRQHandler                       0x080025f3   Thumb Code     0  startup_stm32f4xx.o(.text)
    I2C1_EV_IRQHandler                       0x080025f3   Thumb Code     0  startup_stm32f4xx.o(.text)
    I2C2_ER_IRQHandler                       0x080025f3   Thumb Code     0  startup_stm32f4xx.o(.text)
    I2C2_EV_IRQHandler                       0x080025f3   Thumb Code     0  startup_stm32f4xx.o(.text)
    I2C3_ER_IRQHandler                       0x080025f3   Thumb Code     0  startup_stm32f4xx.o(.text)
    I2C3_EV_IRQHandler                       0x080025f3   Thumb Code     0  startup_stm32f4xx.o(.text)
    OTG_FS_IRQHandler                        0x080025f3   Thumb Code     0  startup_stm32f4xx.o(.text)
    OTG_FS_WKUP_IRQHandler                   0x080025f3   Thumb Code     0  startup_stm32f4xx.o(.text)
    OTG_HS_EP1_IN_IRQHandler                 0x080025f3   Thumb Code     0  startup_stm32f4xx.o(.text)
    OTG_HS_EP1_OUT_IRQHandler                0x080025f3   Thumb Code     0  startup_stm32f4xx.o(.text)
    OTG_HS_IRQHandler                        0x080025f3   Thumb Code     0  startup_stm32f4xx.o(.text)
    OTG_HS_WKUP_IRQHandler                   0x080025f3   Thumb Code     0  startup_stm32f4xx.o(.text)
    PVD_IRQHandler                           0x080025f3   Thumb Code     0  startup_stm32f4xx.o(.text)
    RCC_IRQHandler                           0x080025f3   Thumb Code     0  startup_stm32f4xx.o(.text)
    RTC_Alarm_IRQHandler                     0x080025f3   Thumb Code     0  startup_stm32f4xx.o(.text)
    RTC_WKUP_IRQHandler                      0x080025f3   Thumb Code     0  startup_stm32f4xx.o(.text)
    SDIO_IRQHandler                          0x080025f3   Thumb Code     0  startup_stm32f4xx.o(.text)
    SPI1_IRQHandler                          0x080025f3   Thumb Code     0  startup_stm32f4xx.o(.text)
    SPI2_IRQHandler                          0x080025f3   Thumb Code     0  startup_stm32f4xx.o(.text)
    SPI3_IRQHandler                          0x080025f3   Thumb Code     0  startup_stm32f4xx.o(.text)
    TAMP_STAMP_IRQHandler                    0x080025f3   Thumb Code     0  startup_stm32f4xx.o(.text)
    TIM1_BRK_TIM9_IRQHandler                 0x080025f3   Thumb Code     0  startup_stm32f4xx.o(.text)
    TIM1_CC_IRQHandler                       0x080025f3   Thumb Code     0  startup_stm32f4xx.o(.text)
    TIM1_TRG_COM_TIM11_IRQHandler            0x080025f3   Thumb Code     0  startup_stm32f4xx.o(.text)
    TIM1_UP_TIM10_IRQHandler                 0x080025f3   Thumb Code     0  startup_stm32f4xx.o(.text)
    TIM2_IRQHandler                          0x080025f3   Thumb Code     0  startup_stm32f4xx.o(.text)
    TIM4_IRQHandler                          0x080025f3   Thumb Code     0  startup_stm32f4xx.o(.text)
    TIM5_IRQHandler                          0x080025f3   Thumb Code     0  startup_stm32f4xx.o(.text)
    TIM6_DAC_IRQHandler                      0x080025f3   Thumb Code     0  startup_stm32f4xx.o(.text)
    TIM7_IRQHandler                          0x080025f3   Thumb Code     0  startup_stm32f4xx.o(.text)
    TIM8_BRK_TIM12_IRQHandler                0x080025f3   Thumb Code     0  startup_stm32f4xx.o(.text)
    TIM8_CC_IRQHandler                       0x080025f3   Thumb Code     0  startup_stm32f4xx.o(.text)
    TIM8_TRG_COM_TIM14_IRQHandler            0x080025f3   Thumb Code     0  startup_stm32f4xx.o(.text)
    TIM8_UP_TIM13_IRQHandler                 0x080025f3   Thumb Code     0  startup_stm32f4xx.o(.text)
    UART4_IRQHandler                         0x080025f3   Thumb Code     0  startup_stm32f4xx.o(.text)
    UART5_IRQHandler                         0x080025f3   Thumb Code     0  startup_stm32f4xx.o(.text)
    USART1_IRQHandler                        0x080025f3   Thumb Code     0  startup_stm32f4xx.o(.text)
    USART2_IRQHandler                        0x080025f3   Thumb Code     0  startup_stm32f4xx.o(.text)
    USART3_IRQHandler                        0x080025f3   Thumb Code     0  startup_stm32f4xx.o(.text)
    USART6_IRQHandler                        0x080025f3   Thumb Code     0  startup_stm32f4xx.o(.text)
    WWDG_IRQHandler                          0x080025f3   Thumb Code     0  startup_stm32f4xx.o(.text)
    OS_TaskStatStkChk                        0x080025fd   Thumb Code    54  os_core.o(.text)
    OS_TaskStat                              0x08002633   Thumb Code   144  os_core.o(.text)
    OS_TaskIdle                              0x080026f7   Thumb Code    34  os_core.o(.text)
    OS_MemClr                                0x0800274d   Thumb Code    18  os_core.o(.text)
    OSInit                                   0x0800286d   Thumb Code    48  os_core.o(.text)
    OSIntEnter                               0x0800289d   Thumb Code    28  os_core.o(.text)
    OSIntExit                                0x080028d3   Thumb Code   112  os_core.o(.text)
    OSSchedLock                              0x08002943   Thumb Code    50  os_core.o(.text)
    OS_Sched                                 0x08002975   Thumb Code    88  os_core.o(.text)
    OSSchedUnlock                            0x080029cd   Thumb Code   238  os_core.o(.text)
    OSStart                                  0x08002abb   Thumb Code    48  os_core.o(.text)
    OSStatInit                               0x08002aeb   Thumb Code    64  os_core.o(.text)
    OSTimeTick                               0x08002b2b   Thumb Code   210  os_core.o(.text)
    OSVersion                                0x08002bfd   Thumb Code     6  os_core.o(.text)
    OS_Dummy                                 0x08002c03   Thumb Code     2  os_core.o(.text)
    OS_EventTaskRemove                       0x08002c05   Thumb Code    42  os_core.o(.text)
    OS_EventTaskRdy                          0x08002c2f   Thumb Code   114  os_core.o(.text)
    OS_EventTaskWait                         0x08002ca1   Thumb Code   112  os_core.o(.text)
    OS_EventWaitListInit                     0x08002d11   Thumb Code    28  os_core.o(.text)
    OS_MemCopy                               0x08002d2d   Thumb Code    20  os_core.o(.text)
    OS_StrLen                                0x08002d41   Thumb Code    20  os_core.o(.text)
    OS_TCBInit                               0x08002d55   Thumb Code   292  os_core.o(.text)
    OSFlagAccept                             0x08002ebd   Thumb Code   252  os_flag.o(.text)
    OSFlagCreate                             0x08002fb9   Thumb Code    86  os_flag.o(.text)
    OS_FlagUnlink                            0x0800300f   Thumb Code    36  os_flag.o(.text)
    OSFlagDel                                0x08003085   Thumb Code   214  os_flag.o(.text)
    OSFlagNameGet                            0x0800315b   Thumb Code    80  os_flag.o(.text)
    OSFlagNameSet                            0x080031ab   Thumb Code    66  os_flag.o(.text)
    OSFlagPend                               0x08003285   Thumb Code   614  os_flag.o(.text)
    OSFlagPendGetFlagsRdy                    0x080034eb   Thumb Code    26  os_flag.o(.text)
    OSFlagPost                               0x08003505   Thumb Code   312  os_flag.o(.text)
    OSFlagQuery                              0x0800363d   Thumb Code    48  os_flag.o(.text)
    OS_FlagInit                              0x0800366d   Thumb Code    78  os_flag.o(.text)
    OSMemCreate                              0x080036c9   Thumb Code   118  os_mem.o(.text)
    OSMemGet                                 0x0800373f   Thumb Code    62  os_mem.o(.text)
    OSMemNameGet                             0x0800377d   Thumb Code    60  os_mem.o(.text)
    OSMemNameSet                             0x080037b9   Thumb Code    48  os_mem.o(.text)
    OSMemPut                                 0x080037e9   Thumb Code    54  os_mem.o(.text)
    OSMemQuery                               0x0800381f   Thumb Code    52  os_mem.o(.text)
    OS_MemInit                               0x08003853   Thumb Code    74  os_mem.o(.text)
    OSQAccept                                0x080038ad   Thumb Code    88  os_q.o(.text)
    OSQCreate                                0x08003905   Thumb Code   140  os_q.o(.text)
    OSQDel                                   0x08003991   Thumb Code   236  os_q.o(.text)
    OSQFlush                                 0x08003a7d   Thumb Code    36  os_q.o(.text)
    OSQPend                                  0x08003aa1   Thumb Code   272  os_q.o(.text)
    OSQPendAbort                             0x08003bb1   Thumb Code   128  os_q.o(.text)
    OSQPost                                  0x08003c31   Thumb Code   114  os_q.o(.text)
    OSQPostFront                             0x08003ca3   Thumb Code   136  os_q.o(.text)
    OSQPostOpt                               0x08003d2b   Thumb Code   182  os_q.o(.text)
    OSQQuery                                 0x08003de1   Thumb Code    98  os_q.o(.text)
    OS_QInit                                 0x08003e43   Thumb Code    72  os_q.o(.text)
    OSSemAccept                              0x08003e95   Thumb Code    42  os_sem.o(.text)
    OSSemCreate                              0x08003ebf   Thumb Code    68  os_sem.o(.text)
    OSSemDel                                 0x08003f03   Thumb Code   200  os_sem.o(.text)
    OSSemPend                                0x08003fcb   Thumb Code   222  os_sem.o(.text)
    OSSemPendAbort                           0x080040a9   Thumb Code   128  os_sem.o(.text)
    OSSemPost                                0x08004129   Thumb Code    88  os_sem.o(.text)
    OSSemQuery                               0x08004181   Thumb Code    76  os_sem.o(.text)
    OSSemSet                                 0x080041cd   Thumb Code    66  os_sem.o(.text)
    OSTaskChangePrio                         0x08004221   Thumb Code   308  os_task.o(.text)
    OSTaskCreate                             0x08004355   Thumb Code   148  os_task.o(.text)
    OS_TaskStkClr                            0x080043e9   Thumb Code    26  os_task.o(.text)
    OSTaskCreateExt                          0x08004403   Thumb Code   170  os_task.o(.text)
    OSTaskDel                                0x080044ad   Thumb Code   294  os_task.o(.text)
    OSTaskDelReq                             0x080045d3   Thumb Code   144  os_task.o(.text)
    OSTaskNameGet                            0x08004663   Thumb Code   114  os_task.o(.text)
    OSTaskNameSet                            0x080046d5   Thumb Code    98  os_task.o(.text)
    OSTaskResume                             0x08004737   Thumb Code   154  os_task.o(.text)
    OSTaskStkChk                             0x080047d1   Thumb Code   128  os_task.o(.text)
    OSTaskSuspend                            0x08004851   Thumb Code   152  os_task.o(.text)
    OSTaskQuery                              0x080048e9   Thumb Code    82  os_task.o(.text)
    OSTaskRegGet                             0x0800493b   Thumb Code    60  os_task.o(.text)
    OSTaskRegSet                             0x08004977   Thumb Code    62  os_task.o(.text)
    OS_TaskReturn                            0x080049b5   Thumb Code    18  os_task.o(.text)
    OSTimeDly                                0x080049e1   Thumb Code   100  os_time.o(.text)
    OSTimeDlyHMSM                            0x08004a45   Thumb Code    84  os_time.o(.text)
    OSTimeDlyResume                          0x08004a99   Thumb Code   168  os_time.o(.text)
    OSTimeGet                                0x08004b41   Thumb Code    24  os_time.o(.text)
    OSTimeSet                                0x08004b59   Thumb Code    24  os_time.o(.text)
    OS_CPU_SR_Save                           0x08004b8d   Thumb Code     0  os_cpu_a.o(.text)
    OS_CPU_SR_Restore                        0x08004b95   Thumb Code     0  os_cpu_a.o(.text)
    OSStartHighRdy                           0x08004b9b   Thumb Code     0  os_cpu_a.o(.text)
    OSCtxSw                                  0x08004bbb   Thumb Code     0  os_cpu_a.o(.text)
    OSIntCtxSw                               0x08004bc5   Thumb Code     0  os_cpu_a.o(.text)
    PendSV_Handler                           0x08004bcf   Thumb Code     0  os_cpu_a.o(.text)
    OSInitHookBegin                          0x08004c3d   Thumb Code     2  os_cpu_c.o(.text)
    OSTaskReturnHook                         0x08004c3f   Thumb Code     2  os_cpu_c.o(.text)
    OSInitHookEnd                            0x08004c41   Thumb Code     2  os_cpu_c.o(.text)
    OSTaskCreateHook                         0x08004c43   Thumb Code     2  os_cpu_c.o(.text)
    OSTaskDelHook                            0x08004c45   Thumb Code     2  os_cpu_c.o(.text)
    OSTaskIdleHook                           0x08004c47   Thumb Code     2  os_cpu_c.o(.text)
    OSTaskStatHook                           0x08004c49   Thumb Code     2  os_cpu_c.o(.text)
    OSTaskStkInit                            0x08004c4b   Thumb Code   482  os_cpu_c.o(.text)
    OSTaskSwHook                             0x08004e2d   Thumb Code     2  os_cpu_c.o(.text)
    OSTCBInitHook                            0x08004e2f   Thumb Code     2  os_cpu_c.o(.text)
    OSTimeTickHook                           0x08004e31   Thumb Code     2  os_cpu_c.o(.text)
    SysTick_Handler                          0x08004e33   Thumb Code    44  os_cpu_c.o(.text)
    OS_CPU_SysTickInit                       0x08004e5f   Thumb Code    86  os_cpu_c.o(.text)
    __aeabi_dadd                             0x08004ec5   Thumb Code   322  dadd.o(.text)
    __aeabi_dsub                             0x08005007   Thumb Code     6  dadd.o(.text)
    __aeabi_drsub                            0x0800500d   Thumb Code     6  dadd.o(.text)
    __aeabi_dmul                             0x08005013   Thumb Code   228  dmul.o(.text)
    __aeabi_ddiv                             0x080050f7   Thumb Code   222  ddiv.o(.text)
    __aeabi_d2uiz                            0x080051d5   Thumb Code    50  dfixui.o(.text)
    __aeabi_f2d                              0x08005207   Thumb Code    38  f2d.o(.text)
    __aeabi_llsl                             0x0800522d   Thumb Code    30  llshl.o(.text)
    _ll_shift_l                              0x0800522d   Thumb Code     0  llshl.o(.text)
    __aeabi_llsr                             0x0800524b   Thumb Code    32  llushr.o(.text)
    _ll_ushift_r                             0x0800524b   Thumb Code     0  llushr.o(.text)
    __aeabi_lasr                             0x0800526b   Thumb Code    36  llsshr.o(.text)
    _ll_sshift_r                             0x0800526b   Thumb Code     0  llsshr.o(.text)
    __I$use$fp                               0x0800528f   Thumb Code     0  iusefp.o(.text)
    _double_round                            0x0800528f   Thumb Code    30  depilogue.o(.text)
    _double_epilogue                         0x080052ad   Thumb Code   156  depilogue.o(.text)
    __scatterload                            0x08005349   Thumb Code    28  init.o(.text)
    __scatterload_rt2                        0x08005349   Thumb Code     0  init.o(.text)
    __scatterload_copy                       0x0800536d   Thumb Code    14  handlers.o(i.__scatterload_copy)
    __scatterload_null                       0x0800537b   Thumb Code     2  handlers.o(i.__scatterload_null)
    __scatterload_zeroinit                   0x0800537d   Thumb Code    14  handlers.o(i.__scatterload_zeroinit)
    OSUnMapTbl                               0x0800538a   Data         256  os_core.o(.constdata)
    Region$$Table$$Base                      0x0800548c   Number         0  anon$$obj.o(Region$$Table)
    Region$$Table$$Limit                     0x080054ac   Number         0  anon$$obj.o(Region$$Table)
    DT_transmit                              0x20000000   Data           5  param.o(.data)
    RUN                                      0x20000008   Data           4  main.o(.data)
    SystemCoreClock                          0x2000001c   Data           4  system_stm32f4xx.o(.data)
    AHBPrescTable                            0x20000020   Data          16  system_stm32f4xx.o(.data)
    OSCtxSwCtr                               0x20000030   Data           4  os_core.o(.data)
    OSEventFreeList                          0x20000034   Data           4  os_core.o(.data)
    OSFlagFreeList                           0x20000038   Data           4  os_core.o(.data)
    OSCPUUsage                               0x2000003c   Data           1  os_core.o(.data)
    OSIdleCtrMax                             0x20000040   Data           4  os_core.o(.data)
    OSIdleCtrRun                             0x20000044   Data           4  os_core.o(.data)
    OSStatRdy                                0x20000048   Data           1  os_core.o(.data)
    OSIntNesting                             0x20000049   Data           1  os_core.o(.data)
    OSLockNesting                            0x2000004a   Data           1  os_core.o(.data)
    OSPrioCur                                0x2000004b   Data           1  os_core.o(.data)
    OSPrioHighRdy                            0x2000004c   Data           1  os_core.o(.data)
    OSRdyGrp                                 0x2000004d   Data           1  os_core.o(.data)
    OSRdyTbl                                 0x2000004e   Data           8  os_core.o(.data)
    OSRunning                                0x20000056   Data           1  os_core.o(.data)
    OSTaskCtr                                0x20000057   Data           1  os_core.o(.data)
    OSIdleCtr                                0x20000058   Data           4  os_core.o(.data)
    OSTCBCur                                 0x2000005c   Data           4  os_core.o(.data)
    OSTCBFreeList                            0x20000060   Data           4  os_core.o(.data)
    OSTCBHighRdy                             0x20000064   Data           4  os_core.o(.data)
    OSTCBList                                0x20000068   Data           4  os_core.o(.data)
    OSTickStepState                          0x2000006c   Data           1  os_core.o(.data)
    OSMemFreeList                            0x20000070   Data           4  os_core.o(.data)
    OSQFreeList                              0x20000074   Data           4  os_core.o(.data)
    OSTime                                   0x20000078   Data           4  os_core.o(.data)
    tick_ms                                  0x2000007c   Data           4  os_cpu_c.o(.data)
    kalman_data1                             0x20000080   Data         102  kalman.o(.bss)
    kalman_data2                             0x200000e6   Data         102  kalman.o(.bss)
    kalman_fliter1                           0x20000150   Data         104  kalman.o(.bss)
    kalman_fliter2                           0x200001b8   Data         104  kalman.o(.bss)
    distance1                                0x20000220   Data          32  kalman.o(.bss)
    distance2                                0x20000240   Data          32  kalman.o(.bss)
    distance                                 0x20000260   Data          32  kalman.o(.bss)
    start_task_stk                           0x20000280   Data        1024  main.o(.bss)
    CurveFit_task_stk                        0x20000680   Data        1024  main.o(.bss)
    LCD_TASK_STK                             0x20000a80   Data        2048  main.o(.bss)
    OSEventTbl                               0x20001280   Data         300  os_core.o(.bss)
    OSFlagTbl                                0x200013ac   Data          80  os_core.o(.bss)
    OSTaskStatStk                            0x200013fc   Data         512  os_core.o(.bss)
    OSTaskIdleStk                            0x200015fc   Data         512  os_core.o(.bss)
    OSTCBPrioTbl                             0x200017fc   Data         256  os_core.o(.bss)
    OSTCBTbl                                 0x200018fc   Data        5208  os_core.o(.bss)
    OSMemTbl                                 0x20002d54   Data         120  os_core.o(.bss)
    OSQTbl                                   0x20002dcc   Data          96  os_core.o(.bss)
    __initial_sp                             0x20003230   Data           0  startup_stm32f4xx.o(STACK)



==============================================================================

Memory Map of the image

  Image Entry point : 0x08000189

  Load Region LR_IROM1 (Base: 0x08000000, Size: 0x0000552c, Max: 0x00100000, ABSOLUTE)

    Execution Region ER_IROM1 (Exec base: 0x08000000, Load base: 0x08000000, Size: 0x000054ac, Max: 0x00100000, ABSOLUTE)

    Exec Addr    Load Addr    Size         Type   Attr      Idx    E Section Name        Object

    0x08000000   0x08000000   0x00000188   Data   RO          781    RESET               startup_stm32f4xx.o
    0x08000188   0x08000188   0x00000000   Code   RO          958  * .ARM.Collect$$$$00000000  mc_w.l(entry.o)
    0x08000188   0x08000188   0x00000004   Code   RO          971    .ARM.Collect$$$$00000001  mc_w.l(entry2.o)
    0x0800018c   0x0800018c   0x00000004   Code   RO          974    .ARM.Collect$$$$00000004  mc_w.l(entry5.o)
    0x08000190   0x08000190   0x00000000   Code   RO          976    .ARM.Collect$$$$00000008  mc_w.l(entry7b.o)
    0x08000190   0x08000190   0x00000000   Code   RO          978    .ARM.Collect$$$$0000000A  mc_w.l(entry8b.o)
    0x08000190   0x08000190   0x00000008   Code   RO          979    .ARM.Collect$$$$0000000B  mc_w.l(entry9a.o)
    0x08000198   0x08000198   0x00000000   Code   RO          981    .ARM.Collect$$$$0000000D  mc_w.l(entry10a.o)
    0x08000198   0x08000198   0x00000000   Code   RO          983    .ARM.Collect$$$$0000000F  mc_w.l(entry11a.o)
    0x08000198   0x08000198   0x00000004   Code   RO          972    .ARM.Collect$$$$00002712  mc_w.l(entry2.o)
    0x0800019c   0x0800019c   0x00000010   Code   RO          418    .emb_text           sys.o
    0x080001ac   0x080001ac   0x00000048   Code   RO            4    .text               beep.o
    0x080001f4   0x080001f4   0x000002c0   Code   RO           75    .text               can1.o
    0x080004b4   0x080004b4   0x00000044   Code   RO          167    .text               delay.o
    0x080004f8   0x080004f8   0x00000390   Code   RO          211    .text               kalman.o
    0x08000888   0x08000888   0x000000c8   Code   RO          241    .text               led.o
    0x08000950   0x08000950   0x0000001c   Code   RO          275    .text               param.o
    0x0800096c   0x0800096c   0x000001dc   Code   RO          305    .text               spi.o
    0x08000b48   0x08000b48   0x0000013c   Code   RO          329    .text               timer.o
    0x08000c84   0x08000c84   0x00000118   Code   RO          356    .text               main.o
    0x08000d9c   0x08000d9c   0x00000458   Code   RO          419    .text               sys.o
    0x080011f4   0x080011f4   0x000009f0   Code   RO          530    .text               stm32f4xx_can.o
    0x08001be4   0x08001be4   0x0000025c   Code   RO          584    .text               stm32f4xx_gpio.o
    0x08001e40   0x08001e40   0x00000588   Code   RO          608    .text               stm32f4xx_rcc.o
    0x080023c8   0x080023c8   0x00000210   Code   RO          742    .text               system_stm32f4xx.o
    0x080025d8   0x080025d8   0x00000024   Code   RO          782    .text               startup_stm32f4xx.o
    0x080025fc   0x080025fc   0x000008c0   Code   RO          786    .text               os_core.o
    0x08002ebc   0x08002ebc   0x0000080c   Code   RO          806    .text               os_flag.o
    0x080036c8   0x080036c8   0x000001e4   Code   RO          830    .text               os_mem.o
    0x080038ac   0x080038ac   0x000005e8   Code   RO          854    .text               os_q.o
    0x08003e94   0x08003e94   0x0000038c   Code   RO          866    .text               os_sem.o
    0x08004220   0x08004220   0x000007c0   Code   RO          878    .text               os_task.o
    0x080049e0   0x080049e0   0x000001ac   Code   RO          890    .text               os_time.o
    0x08004b8c   0x08004b8c   0x000000b0   Code   RO          908    .text               os_cpu_a.o
    0x08004c3c   0x08004c3c   0x00000288   Code   RO          914    .text               os_cpu_c.o
    0x08004ec4   0x08004ec4   0x0000014e   Code   RO          961    .text               mf_w.l(dadd.o)
    0x08005012   0x08005012   0x000000e4   Code   RO          963    .text               mf_w.l(dmul.o)
    0x080050f6   0x080050f6   0x000000de   Code   RO          965    .text               mf_w.l(ddiv.o)
    0x080051d4   0x080051d4   0x00000032   Code   RO          967    .text               mf_w.l(dfixui.o)
    0x08005206   0x08005206   0x00000026   Code   RO          969    .text               mf_w.l(f2d.o)
    0x0800522c   0x0800522c   0x0000001e   Code   RO          985    .text               mc_w.l(llshl.o)
    0x0800524a   0x0800524a   0x00000020   Code   RO          987    .text               mc_w.l(llushr.o)
    0x0800526a   0x0800526a   0x00000024   Code   RO          989    .text               mc_w.l(llsshr.o)
    0x0800528e   0x0800528e   0x00000000   Code   RO          991    .text               mc_w.l(iusefp.o)
    0x0800528e   0x0800528e   0x000000ba   Code   RO          992    .text               mf_w.l(depilogue.o)
    0x08005348   0x08005348   0x00000024   Code   RO          994    .text               mc_w.l(init.o)
    0x0800536c   0x0800536c   0x0000000e   Code   RO          998    i.__scatterload_copy  mc_w.l(handlers.o)
    0x0800537a   0x0800537a   0x00000002   Code   RO          999    i.__scatterload_null  mc_w.l(handlers.o)
    0x0800537c   0x0800537c   0x0000000e   Code   RO         1000    i.__scatterload_zeroinit  mc_w.l(handlers.o)
    0x0800538a   0x0800538a   0x00000100   Data   RO          788    .constdata          os_core.o
    0x0800548a   0x0800548a   0x00000002   PAD
    0x0800548c   0x0800548c   0x00000020   Data   RO          996    Region$$Table       anon$$obj.o


    Execution Region RW_IRAM1 (Exec base: 0x20000000, Load base: 0x080054ac, Size: 0x00003230, Max: 0x00020000, ABSOLUTE)

    Exec Addr    Load Addr    Size         Type   Attr      Idx    E Section Name        Object

    0x20000000   0x080054ac   0x00000005   Data   RW          276    .data               param.o
    0x20000005   0x080054b1   0x00000003   PAD
    0x20000008   0x080054b4   0x00000004   Data   RW          358    .data               main.o
    0x2000000c   0x080054b8   0x00000010   Data   RW          609    .data               stm32f4xx_rcc.o
    0x2000001c   0x080054c8   0x00000014   Data   RW          743    .data               system_stm32f4xx.o
    0x20000030   0x080054dc   0x0000004c   Data   RW          789    .data               os_core.o
    0x2000007c   0x08005528   0x00000004   Data   RW          915    .data               os_cpu_c.o
    0x20000080        -       0x00000200   Zero   RW          212    .bss                kalman.o
    0x20000280        -       0x00001000   Zero   RW          357    .bss                main.o
    0x20001280        -       0x00001bac   Zero   RW          787    .bss                os_core.o
    0x20002e2c   0x0800552c   0x00000004   PAD
    0x20002e30        -       0x00000400   Zero   RW          779    STACK               startup_stm32f4xx.o


==============================================================================

Image component sizes


      Code (inc. data)   RO Data    RW Data    ZI Data      Debug   Object Name

        72          6          0          0          0     212747   beep.o
       704         26          0          0          0      31661   can1.o
        68          0          0          0          0     208538   delay.o
       912         86          0          0        512       3043   kalman.o
       200          4          0          0          0       1000   led.o
       280         48          0          4       4096      32146   main.o
      2240        216        256         76       7084      15714   os_core.o
       176         32          0          0          0        304   os_cpu_a.o
       648         16          0          4          0      42097   os_cpu_c.o
      2060         42          0          0          0       7240   os_flag.o
       484         16          0          0          0       3320   os_mem.o
      1512         30          0          0          0       5805   os_q.o
       908         18          0          0          0       4078   os_sem.o
      1984         70          0          0          0       7913   os_task.o
       428         28          0          0          0       1890   os_time.o
        28          6          0          5          0       1230   param.o
       476         22          0          0          0       1700   spi.o
        36          8        392          0       1024        836   startup_stm32f4xx.o
      2544         38          0          0          0      29520   stm32f4xx_can.o
       604         36          0          0          0       4277   stm32f4xx_gpio.o
      1416         48          0         16          0      11231   stm32f4xx_rcc.o
      1128         46          0          0          0      10604   sys.o
       528         46          0         20          0       1883   system_stm32f4xx.o
       316         20          0          0          0        801   timer.o

    ----------------------------------------------------------------------
     19752        908        682        128      12720     639578   Object Totals
         0          0         32          0          0          0   (incl. Generated)
         0          0          2          3          4          0   (incl. Padding)

    ----------------------------------------------------------------------

      Code (inc. data)   RO Data    RW Data    ZI Data      Debug   Library Member Name

         0          0          0          0          0          0   entry.o
         0          0          0          0          0          0   entry10a.o
         0          0          0          0          0          0   entry11a.o
         8          4          0          0          0          0   entry2.o
         4          0          0          0          0          0   entry5.o
         0          0          0          0          0          0   entry7b.o
         0          0          0          0          0          0   entry8b.o
         8          4          0          0          0          0   entry9a.o
        30          0          0          0          0          0   handlers.o
        36          8          0          0          0         68   init.o
         0          0          0          0          0          0   iusefp.o
        30          0          0          0          0         68   llshl.o
        36          0          0          0          0         68   llsshr.o
        32          0          0          0          0         68   llushr.o
       334          0          0          0          0        148   dadd.o
       222          0          0          0          0        100   ddiv.o
       186          0          0          0          0        176   depilogue.o
        50          0          0          0          0         76   dfixui.o
       228          0          0          0          0         96   dmul.o
        38          0          0          0          0         68   f2d.o

    ----------------------------------------------------------------------
      1242         16          0          0          0        936   Library Totals
         0          0          0          0          0          0   (incl. Padding)

    ----------------------------------------------------------------------

      Code (inc. data)   RO Data    RW Data    ZI Data      Debug   Library Name

       184         16          0          0          0        272   mc_w.l
      1058          0          0          0          0        664   mf_w.l

    ----------------------------------------------------------------------
      1242         16          0          0          0        936   Library Totals

    ----------------------------------------------------------------------

==============================================================================


      Code (inc. data)   RO Data    RW Data    ZI Data      Debug   

     20994        924        682        128      12720     636254   Grand Totals
     20994        924        682        128      12720     636254   ELF Image Totals
     20994        924        682        128          0          0   ROM Totals

==============================================================================

    Total RO  Size (Code + RO Data)                21676 (  21.17kB)
    Total RW  Size (RW Data + ZI Data)             12848 (  12.55kB)
    Total ROM Size (Code + RO Data + RW Data)      21804 (  21.29kB)

==============================================================================

